---
source: crates/quant-pivot-models/tests/report_payload_snapshots.rs
expression: revoked_report()
---
{
  "recommendation_report_id": "7a6bff3c-9dc0-5180-b349-bbdcfbf1d441",
  "report_run_id": "82ac65c4-f7b1-5195-a670-7378216815d6",
  "report_kind": "top_n",
  "decision_at": "2023-11-14T22:11:20Z",
  "runtime_mode": "report_only",
  "top_n": 20,
  "status": "revoked",
  "account_source": "polymarket",
  "capital_base_usd": "10000",
  "account_snapshot_ref": "6412901d-5f81-5835-8ada-63231d3ffc4f",
  "decision_policy_snapshot_id": "731ac405-b5b5-5dee-96b2-67c8d184c177",
  "market_selection_id": "5c8ad0ca-ddea-5da4-9b57-8bd80bd64365",
  "portfolio_plan_id": "e62df386-c19a-5c0d-9da3-02c7b4619335",
  "portfolio_decision": {
    "outcome": "optimized",
    "plan": {
      "portfolio_plan_id": "e62df386-c19a-5c0d-9da3-02c7b4619335",
      "selected_tier_ids": [
        "879bd610-8944-5fbb-81f3-a564f2e86565",
        "9f7f5a65-1c9f-5ef1-9184-df937800049a"
      ],
      "objectives": {
        "robust_expected_net_usd": "18.25",
        "nominal_expected_net_usd": "24.50",
        "cvar_usd": "82.00",
        "capital_occupancy_usd_hours": "9600",
        "stable_tie_break_stages": 2
      },
      "constraints": {
        "available_cash_used_usd": "500",
        "open_capital_usd": "500",
        "selected_recommendation_count": 2,
        "maximum_scenario_loss_usd": "110",
        "checked_constraint_count": 14,
        "evidence_hash": "blake3:dddddddddddddddddddddddddddddddddddddddddddddddddddddddddddddddd"
      },
      "solver": {
        "backend": "highs",
        "lexicographic_model_build_count": 1,
        "lexicographic_solve_count": 7,
        "tie_break_proof_count": 1,
        "lexicographic_warm_start_count": 6,
        "marginal_model_build_count": 0,
        "marginal_solve_count": 2,
        "marginal_model_reuse_count": 2,
        "configured_deadline_secs": 30,
        "deterministic_threads": 1,
        "coefficient_scale": 10000,
        "bound_scale_exponent": 0,
        "optimal": true
      },
      "exact_verification": {
        "passed": true,
        "selected_tier_digest": "blake3:eeeeeeeeeeeeeeeeeeeeeeeeeeeeeeeeeeeeeeeeeeeeeeeeeeeeeeeeeeeeeeee",
        "recomputed_economics_hash": "blake3:ffffffffffffffffffffffffffffffffffffffffffffffffffffffffffffffff"
      },
      "content_hash": "blake3:aaaaaaaaaaaaaaaaaaaaaaaaaaaaaaaaaaaaaaaaaaaaaaaaaaaaaaaaaaaaaaaa"
    }
  },
  "represented_routes": {
    "routes": [
      "pooled"
    ],
    "digest": "blake3:c1aecf680ee0dae25ffd75f30bff5490ef714b711f9d6821079f1bfe8f987367"
  },
  "scenario_artifact_id": "9576afe4-9cb0-553d-80ed-e9781d2ff40c",
  "scenario_artifact_hash": "blake3:0000000000000000000000000000000000000000000000000000000000000000",
  "summary": {
    "market_selection_count": 12,
    "represented_route_count": 1,
    "candidate_count": 8,
    "rejected_tier_count": 3,
    "published_recommendation_count": 2,
    "total_suggested_usd": "500",
    "max_single_recommendation_usd": "300",
    "robust_expected_net_usd": "75",
    "nominal_expected_net_usd": "95",
    "cvar_usd": "120",
    "maximum_scenario_loss_usd": "140",
    "capital_occupancy_usd_hours": "12000",
    "category_allocation": {},
    "event_allocation": {},
    "route_allocation": {},
    "data_quality_summary": {
      "fresh_count": 5,
      "acceptable_count": 2,
      "degraded_count": 1,
      "stale_count": 0,
      "insufficient_count": 0
    },
    "top_rejection_reasons": [],
    "execution_eligibility_summary": {
      "eligible_report_only": 2,
      "eligible_semi_auto": 0,
      "eligible_auto_execution": 0
    },
    "empty_reason": null,
    "warnings": [
      "thin book on 1 market"
    ]
  },
  "fact_delivery": null,
  "run": null,
  "published_at": "2023-11-14T22:13:20Z",
  "valid_until": "2023-11-14T23:13:20Z",
  "successor_report_id": null,
  "predecessor_report_id": null,
  "superseded_at": null,
  "obsoleted_at": null,
  "revoked_at": "2023-11-15T01:00:00Z",
  "expired_at": null,
  "status_reason": "operator revoked stale report",
  "created_at": "2023-11-14T22:13:20Z"
}
