---
source: crates/quant-pivot-models/tests/report_payload_snapshots.rs
expression: "TopNReportSnapshot::non_empty()"
---
{
  "report": {
    "recommendation_report_id": "f7a59e75-1560-57c2-abc0-972ac075aef0",
    "report_run_id": "72683c63-42e7-5c42-9a8d-630027e708ad",
    "report_kind": "top_n",
    "decision_at": "2023-11-14T22:11:20Z",
    "runtime_mode": "report_only",
    "top_n": 20,
    "status": "published",
    "account_source": "polymarket",
    "capital_base_usd": "10000",
    "account_snapshot_ref": "6412901d-5f81-5835-8ada-63231d3ffc4f",
    "decision_policy_snapshot_id": "731ac405-b5b5-5dee-96b2-67c8d184c177",
    "market_selection_id": "5c8ad0ca-ddea-5da4-9b57-8bd80bd64365",
    "portfolio_plan_id": "e62df386-c19a-5c0d-9da3-02c7b4619335",
    "portfolio_decision": {
      "outcome": "optimized",
      "plan": {
        "portfolio_plan_id": "e62df386-c19a-5c0d-9da3-02c7b4619335",
        "selected_tier_ids": [
          "879bd610-8944-5fbb-81f3-a564f2e86565",
          "9f7f5a65-1c9f-5ef1-9184-df937800049a"
        ],
        "objectives": {
          "robust_expected_net_usd": "18.25",
          "nominal_expected_net_usd": "24.50",
          "cvar_usd": "82.00",
          "capital_occupancy_usd_hours": "9600",
          "stable_tie_break_stages": 2
        },
        "constraints": {
          "available_cash_used_usd": "500",
          "open_capital_usd": "500",
          "selected_recommendation_count": 2,
          "maximum_scenario_loss_usd": "110",
          "checked_constraint_count": 14,
          "evidence_hash": "blake3:dddddddddddddddddddddddddddddddddddddddddddddddddddddddddddddddd"
        },
        "solver": {
          "backend": "highs",
          "lexicographic_model_build_count": 1,
          "lexicographic_solve_count": 7,
          "tie_break_proof_count": 1,
          "lexicographic_warm_start_count": 6,
          "marginal_model_build_count": 0,
          "marginal_solve_count": 2,
          "marginal_model_reuse_count": 2,
          "configured_deadline_secs": 30,
          "deterministic_threads": 1,
          "coefficient_scale": 10000,
          "bound_scale_exponent": 0,
          "optimal": true
        },
        "exact_verification": {
          "passed": true,
          "selected_tier_digest": "blake3:eeeeeeeeeeeeeeeeeeeeeeeeeeeeeeeeeeeeeeeeeeeeeeeeeeeeeeeeeeeeeeee",
          "recomputed_economics_hash": "blake3:ffffffffffffffffffffffffffffffffffffffffffffffffffffffffffffffff"
        },
        "content_hash": "blake3:aaaaaaaaaaaaaaaaaaaaaaaaaaaaaaaaaaaaaaaaaaaaaaaaaaaaaaaaaaaaaaaa"
      }
    },
    "represented_routes": {
      "routes": [
        "pooled"
      ],
      "digest": "blake3:c1aecf680ee0dae25ffd75f30bff5490ef714b711f9d6821079f1bfe8f987367"
    },
    "scenario_artifact_id": "9576afe4-9cb0-553d-80ed-e9781d2ff40c",
    "scenario_artifact_hash": "blake3:0000000000000000000000000000000000000000000000000000000000000000",
    "summary": {
      "market_selection_count": 12,
      "represented_route_count": 1,
      "candidate_count": 8,
      "rejected_tier_count": 3,
      "published_recommendation_count": 2,
      "total_suggested_usd": "500",
      "max_single_recommendation_usd": "300",
      "robust_expected_net_usd": "75",
      "nominal_expected_net_usd": "95",
      "cvar_usd": "120",
      "maximum_scenario_loss_usd": "140",
      "capital_occupancy_usd_hours": "12000",
      "category_allocation": {},
      "event_allocation": {},
      "route_allocation": {},
      "data_quality_summary": {
        "fresh_count": 5,
        "acceptable_count": 2,
        "degraded_count": 1,
        "stale_count": 0,
        "insufficient_count": 0
      },
      "top_rejection_reasons": [],
      "execution_eligibility_summary": {
        "eligible_report_only": 2,
        "eligible_semi_auto": 0,
        "eligible_auto_execution": 0
      },
      "empty_reason": null,
      "warnings": [
        "thin book on 1 market"
      ]
    },
    "fact_delivery": null,
    "run": null,
    "published_at": "2023-11-14T22:13:20Z",
    "valid_until": "2023-11-14T23:13:20Z",
    "successor_report_id": null,
    "predecessor_report_id": null,
    "superseded_at": null,
    "obsoleted_at": null,
    "revoked_at": null,
    "expired_at": null,
    "status_reason": null,
    "created_at": "2023-11-14T22:13:20Z"
  },
  "recommendations": [
    {
      "recommendation_id": "f007513a-f95b-580a-ae17-8c85e32c9fdb",
      "recommendation_report_id": "f7a59e75-1560-57c2-abc0-972ac075aef0",
      "report_route_run_id": "639686eb-df5e-577e-9b5d-72a4440d37ba",
      "portfolio_plan_id": "e62df386-c19a-5c0d-9da3-02c7b4619335",
      "economic_tier_id": "e0655e59-8871-5633-bb85-d4cd9a057ca3",
      "rank": 1,
      "route": "pooled",
      "market_id": "0xmarketA",
      "event_id": "evt-1",
      "token_id": "token-0xmarketA",
      "outcome_side": "yes",
      "economics": {
        "profit_probability_bps": "6200",
        "nominal_expected_net_usd": "55",
        "robust_expected_net_usd": "42",
        "max_loss_usd": "120",
        "cvar_contribution_usd": "40",
        "capital_occupancy_usd_hours": "12000",
        "marginal_portfolio_value_usd": "38"
      },
      "economic_tier": {
        "economic_tier_id": "e0655e59-8871-5633-bb85-d4cd9a057ca3",
        "report_route_run_id": "639686eb-df5e-577e-9b5d-72a4440d37ba",
        "candidate_id": "53264cf3-8fce-5d8f-b4b5-f5469afaf249",
        "tier_ordinal": 1,
        "route": "pooled",
        "market_id": "0xmarketA",
        "event_id": "evt-1",
        "category": "politics",
        "token_id": "token-0xmarketA",
        "outcome_side": "yes",
        "entry_execution": {
          "kind": "passive",
          "requested_shares": "697.67441860465116279069767442",
          "limit_price": "0.43",
          "decision_at": "2023-11-14T22:13:20Z",
          "good_til_secs": 3600,
          "hard_reserved_cash_usd": "300",
          "expected_filled_shares": "697.67441860465116279069767442",
          "full_fill_cost": {
            "principal_usd": "300",
            "venue_fee_usd": "0",
            "builder_fee_usd": "0",
            "cash_outlay_usd": "300"
          },
          "fill_distribution": {
            "sample_count": 100,
            "source_evidence_hash": "blake3:0000000000000000000000000000000000000000000000000000000000000000",
            "states": [
              {
                "kind": "full_fill",
                "probability_bps": 10000,
                "fill_ratio_bps": 10000,
                "fill_latency_ms": 1000,
                "post_fill_markout_bps": "0"
              }
            ]
          },
          "maker_rebate_schedule": null,
          "full_fill_maker_rebate": null,
          "expected_maker_rebate_usd": "0",
          "visible_liquidity_usd": "5000"
        },
        "profit_probability_lower_bps": 5800,
        "probability_interval_width_bps": 800,
        "scenario_cashflows": [
          {
            "scenario_index": 0,
            "entry_execution": {
              "kind": "passive_full_fill",
              "fill_latency_ms": 1000,
              "post_fill_markout_bps": "0"
            },
            "filled_shares": "697.67441860465116279069767442",
            "immediate_cash_outlay_usd": "300",
            "discounted_exit_cash_usd": "390",
            "delayed_maker_rebate_usd": "0",
            "discounted_maker_rebate_usd": "0",
            "capital_cost_usd": "0",
            "capital_occupancy": [
              {
                "locked_cash_usd": "300",
                "duration_secs": 86400
              }
            ],
            "discounted_net_usd": "90",
            "risk_net_usd": "90"
          },
          {
            "scenario_index": 1,
            "entry_execution": {
              "kind": "passive_full_fill",
              "fill_latency_ms": 1000,
              "post_fill_markout_bps": "0"
            },
            "filled_shares": "697.67441860465116279069767442",
            "immediate_cash_outlay_usd": "300",
            "discounted_exit_cash_usd": "180",
            "delayed_maker_rebate_usd": "0",
            "discounted_maker_rebate_usd": "0",
            "capital_cost_usd": "0",
            "capital_occupancy": [
              {
                "locked_cash_usd": "300",
                "duration_secs": 86400
              }
            ],
            "discounted_net_usd": "-120",
            "risk_net_usd": "-120"
          }
        ],
        "hard_reservation_envelope": [
          {
            "end_secs": 86400,
            "reserved_cash_usd": "300"
          }
        ],
        "economics": {
          "profit_probability_bps": "6200",
          "nominal_expected_net_usd": "55",
          "robust_expected_net_usd": "42",
          "max_loss_usd": "120",
          "cvar_contribution_usd": "40",
          "capital_occupancy_usd_hours": "12000",
          "marginal_portfolio_value_usd": "38"
        },
        "lineage_hash": "blake3:0000000000000000000000000000000000000000000000000000000000000000"
      },
      "identity": {
        "category": "politics",
        "question": "Will the event resolve Yes?",
        "outcome_name": "Yes"
      },
      "market_context": {
        "best_bid": "0.41",
        "best_ask": "0.43",
        "mid_price": "0.42",
        "spread_bps": "50",
        "depth_usd": "5000",
        "volume_24h_usd": "10000",
        "book_age_ms": 500,
        "time_to_resolution_secs": 86400,
        "market_status": "active",
        "neg_risk": false,
        "tick_size": "0.01",
        "fee_rate": null
      },
      "trade_plan": {
        "policy": {
          "kind": "trade_policy",
          "artifact_id": "a8f80211-bf62-5e7b-acd9-54e24dfe89df",
          "artifact_hash": "blake3:0000000000000000000000000000000000000000000000000000000000000000",
          "cohort_index": 0,
          "cohort_key": {
            "profile_ref": {
              "id": "pooled_1h_control",
              "version": 5,
              "content_hash": "blake3:c758bfc3d6307f58aea8db2b153f7cf120cb1e29584c9d0c3465241e248be2f3"
            },
            "category": "politics",
            "horizon_secs": 86400,
            "entry_route": "aggressive",
            "entry_price_min": "0.01",
            "entry_price_max": "0.99",
            "cash_budget_tier": "250",
            "liquidity": {
              "methodology_id": "fixture-v1",
              "methodology_hash": "blake3:0000000000000000000000000000000000000000000000000000000000000000",
              "bucket_id": "fixture"
            },
            "volatility": {
              "methodology_id": "fixture-v1",
              "methodology_hash": "blake3:0000000000000000000000000000000000000000000000000000000000000000",
              "bucket_id": "fixture"
            }
          }
        },
        "entry": {
          "condition": {
            "kind": "immediate"
          },
          "order_policy": {
            "kind": "passive",
            "limit_price": "0.43",
            "post_only": true
          },
          "max_slippage_bps": "50",
          "valid_from": "2023-11-14T22:13:20Z",
          "valid_until": "2023-11-14T23:13:20Z",
          "min_depth_usd": "100",
          "max_book_age_ms": 2000,
          "cancel_if_not_triggered": true,
          "entry_reason": "limit entry at edge"
        },
        "sizing": {
          "economic_tier_id": "c41cf043-099a-5ad9-ba89-8d152d27b9e8",
          "requested_shares": "697.67441860465116279069767442",
          "expected_filled_shares": "697.67441860465116279069767442",
          "hard_reserved_cash_usd": "300",
          "immediate_fee_usd": "0",
          "expected_maker_rebate_usd": "0",
          "maker_rebate_schedule": null,
          "reference_entry_price": "0.43",
          "portfolio_weight_pct": "0.05",
          "market_exposure_after_usd": "300",
          "event_exposure_after_usd": "300",
          "category_exposure_after_usd": "300",
          "route_exposure_after_usd": "300",
          "capital_occupancy_usd_hours": "12000",
          "sizing_reason": "selected executable tier from the exact global MILP"
        },
        "exit": {
          "kind": "executable",
          "plan": {
            "take_profit_price": "0.7",
            "take_profit_pct": "0.6",
            "stop_loss_price": "0.3",
            "stop_loss_pct": "0.3",
            "time_exit_at": null,
            "max_hold_secs": 86400,
            "scale_out_targets": [],
            "trailing_stop": null,
            "thesis_invalidation": {
              "min_score_retention": "0.6",
              "min_expected_return_bps": "0",
              "require_route_gate_eligibility": true
            },
            "opportunistic_exit": {
              "min_confidence": "0.65",
              "min_expected_alpha_bps": "50",
              "min_p_exit_better": "0.5",
              "max_cumulative_exit_pct": "1",
              "min_incremental_exit_pct": "0.1"
            },
            "settlement_mode": "hold_to_resolution",
            "redeem_policy": "manual",
            "manual_review_at": null,
            "exit_reason": "tp/sl"
          }
        },
        "risk_envelope": {
          "max_loss_usd": "120",
          "max_slippage_bps": "50",
          "max_position_usd": "500",
          "max_market_exposure_usd": "500",
          "max_event_exposure_usd": "750",
          "max_category_exposure_usd": "1500",
          "max_route_exposure_usd": "1500",
          "cvar_contribution_usd": "40",
          "portfolio_cvar_cap_usd": "500",
          "maximum_scenario_loss_cap_usd": "750",
          "requires_approval": true,
          "auto_execution_allowed": false,
          "risk_notes": [
            "thin book"
          ],
          "envelope_hash": "blake3:0000000000000000000000000000000000000000000000000000000000000000"
        }
      },
      "factor_breakdown": [
        {
          "factor_name": "liquidity_depth",
          "family": "liquidity",
          "value_state": "scored",
          "raw_value": "1234.5",
          "normalized_score": "0.8",
          "normalization_source": "cross_section",
          "indeterminate_reason": null,
          "weight": "0.4",
          "contribution": "0.32",
          "confidence": "0.75",
          "direction": "positive",
          "explanation": "deep book",
          "source_refs": [
            "feature:liquidity_depth"
          ]
        }
      ],
      "execution_eligibility": {
        "eligible_modes": [
          "report_only"
        ],
        "ineligibility_reasons": [
          "report_only_mode"
        ],
        "approval_required": true,
        "auto_policy_id": null
      },
      "valid_from": "2023-11-14T22:13:20Z",
      "valid_until": "2023-11-15T22:13:20Z",
      "status": "published",
      "created_at": "2023-11-14T22:13:20Z",
      "report_status": "published",
      "active_order_intent_id": null
    },
    {
      "recommendation_id": "a1ce9884-a3e7-5c5f-bef0-a07ce3923c65",
      "recommendation_report_id": "f7a59e75-1560-57c2-abc0-972ac075aef0",
      "report_route_run_id": "639686eb-df5e-577e-9b5d-72a4440d37ba",
      "portfolio_plan_id": "e62df386-c19a-5c0d-9da3-02c7b4619335",
      "economic_tier_id": "22aac890-39da-5fcb-a31e-b4392b3765ea",
      "rank": 2,
      "route": "pooled",
      "market_id": "0xmarketB",
      "event_id": "evt-1",
      "token_id": "token-0xmarketB",
      "outcome_side": "no",
      "economics": {
        "profit_probability_bps": "6200",
        "nominal_expected_net_usd": "55",
        "robust_expected_net_usd": "42",
        "max_loss_usd": "120",
        "cvar_contribution_usd": "40",
        "capital_occupancy_usd_hours": "12000",
        "marginal_portfolio_value_usd": "38"
      },
      "economic_tier": {
        "economic_tier_id": "22aac890-39da-5fcb-a31e-b4392b3765ea",
        "report_route_run_id": "639686eb-df5e-577e-9b5d-72a4440d37ba",
        "candidate_id": "c73d7a4a-d08b-5e47-a871-a8071219773e",
        "tier_ordinal": 1,
        "route": "pooled",
        "market_id": "0xmarketB",
        "event_id": "evt-1",
        "category": "politics",
        "token_id": "token-0xmarketB",
        "outcome_side": "no",
        "entry_execution": {
          "kind": "passive",
          "requested_shares": "465.11627906976744186046511628",
          "limit_price": "0.43",
          "decision_at": "2023-11-14T22:13:20Z",
          "good_til_secs": 3600,
          "hard_reserved_cash_usd": "200",
          "expected_filled_shares": "465.11627906976744186046511628",
          "full_fill_cost": {
            "principal_usd": "200",
            "venue_fee_usd": "0",
            "builder_fee_usd": "0",
            "cash_outlay_usd": "200"
          },
          "fill_distribution": {
            "sample_count": 100,
            "source_evidence_hash": "blake3:0000000000000000000000000000000000000000000000000000000000000000",
            "states": [
              {
                "kind": "full_fill",
                "probability_bps": 10000,
                "fill_ratio_bps": 10000,
                "fill_latency_ms": 1000,
                "post_fill_markout_bps": "0"
              }
            ]
          },
          "maker_rebate_schedule": null,
          "full_fill_maker_rebate": null,
          "expected_maker_rebate_usd": "0",
          "visible_liquidity_usd": "5000"
        },
        "profit_probability_lower_bps": 5800,
        "probability_interval_width_bps": 800,
        "scenario_cashflows": [
          {
            "scenario_index": 0,
            "entry_execution": {
              "kind": "passive_full_fill",
              "fill_latency_ms": 1000,
              "post_fill_markout_bps": "0"
            },
            "filled_shares": "465.11627906976744186046511628",
            "immediate_cash_outlay_usd": "200",
            "discounted_exit_cash_usd": "290",
            "delayed_maker_rebate_usd": "0",
            "discounted_maker_rebate_usd": "0",
            "capital_cost_usd": "0",
            "capital_occupancy": [
              {
                "locked_cash_usd": "200",
                "duration_secs": 86400
              }
            ],
            "discounted_net_usd": "90",
            "risk_net_usd": "90"
          },
          {
            "scenario_index": 1,
            "entry_execution": {
              "kind": "passive_full_fill",
              "fill_latency_ms": 1000,
              "post_fill_markout_bps": "0"
            },
            "filled_shares": "465.11627906976744186046511628",
            "immediate_cash_outlay_usd": "200",
            "discounted_exit_cash_usd": "80",
            "delayed_maker_rebate_usd": "0",
            "discounted_maker_rebate_usd": "0",
            "capital_cost_usd": "0",
            "capital_occupancy": [
              {
                "locked_cash_usd": "200",
                "duration_secs": 86400
              }
            ],
            "discounted_net_usd": "-120",
            "risk_net_usd": "-120"
          }
        ],
        "hard_reservation_envelope": [
          {
            "end_secs": 86400,
            "reserved_cash_usd": "200"
          }
        ],
        "economics": {
          "profit_probability_bps": "6200",
          "nominal_expected_net_usd": "55",
          "robust_expected_net_usd": "42",
          "max_loss_usd": "120",
          "cvar_contribution_usd": "40",
          "capital_occupancy_usd_hours": "12000",
          "marginal_portfolio_value_usd": "38"
        },
        "lineage_hash": "blake3:0000000000000000000000000000000000000000000000000000000000000000"
      },
      "identity": {
        "category": "politics",
        "question": "Will the event resolve Yes?",
        "outcome_name": "Yes"
      },
      "market_context": {
        "best_bid": "0.41",
        "best_ask": "0.43",
        "mid_price": "0.42",
        "spread_bps": "50",
        "depth_usd": "5000",
        "volume_24h_usd": "10000",
        "book_age_ms": 500,
        "time_to_resolution_secs": 86400,
        "market_status": "active",
        "neg_risk": false,
        "tick_size": "0.01",
        "fee_rate": null
      },
      "trade_plan": {
        "policy": {
          "kind": "trade_policy",
          "artifact_id": "a8f80211-bf62-5e7b-acd9-54e24dfe89df",
          "artifact_hash": "blake3:0000000000000000000000000000000000000000000000000000000000000000",
          "cohort_index": 0,
          "cohort_key": {
            "profile_ref": {
              "id": "pooled_1h_control",
              "version": 5,
              "content_hash": "blake3:c758bfc3d6307f58aea8db2b153f7cf120cb1e29584c9d0c3465241e248be2f3"
            },
            "category": "politics",
            "horizon_secs": 86400,
            "entry_route": "aggressive",
            "entry_price_min": "0.01",
            "entry_price_max": "0.99",
            "cash_budget_tier": "250",
            "liquidity": {
              "methodology_id": "fixture-v1",
              "methodology_hash": "blake3:0000000000000000000000000000000000000000000000000000000000000000",
              "bucket_id": "fixture"
            },
            "volatility": {
              "methodology_id": "fixture-v1",
              "methodology_hash": "blake3:0000000000000000000000000000000000000000000000000000000000000000",
              "bucket_id": "fixture"
            }
          }
        },
        "entry": {
          "condition": {
            "kind": "immediate"
          },
          "order_policy": {
            "kind": "passive",
            "limit_price": "0.43",
            "post_only": true
          },
          "max_slippage_bps": "50",
          "valid_from": "2023-11-14T22:13:20Z",
          "valid_until": "2023-11-14T23:13:20Z",
          "min_depth_usd": "100",
          "max_book_age_ms": 2000,
          "cancel_if_not_triggered": true,
          "entry_reason": "limit entry at edge"
        },
        "sizing": {
          "economic_tier_id": "c41cf043-099a-5ad9-ba89-8d152d27b9e8",
          "requested_shares": "465.11627906976744186046511628",
          "expected_filled_shares": "465.11627906976744186046511628",
          "hard_reserved_cash_usd": "200",
          "immediate_fee_usd": "0",
          "expected_maker_rebate_usd": "0",
          "maker_rebate_schedule": null,
          "reference_entry_price": "0.43",
          "portfolio_weight_pct": "0.05",
          "market_exposure_after_usd": "200",
          "event_exposure_after_usd": "200",
          "category_exposure_after_usd": "200",
          "route_exposure_after_usd": "200",
          "capital_occupancy_usd_hours": "12000",
          "sizing_reason": "selected executable tier from the exact global MILP"
        },
        "exit": {
          "kind": "executable",
          "plan": {
            "take_profit_price": "0.7",
            "take_profit_pct": "0.6",
            "stop_loss_price": "0.3",
            "stop_loss_pct": "0.3",
            "time_exit_at": null,
            "max_hold_secs": 86400,
            "scale_out_targets": [],
            "trailing_stop": null,
            "thesis_invalidation": {
              "min_score_retention": "0.6",
              "min_expected_return_bps": "0",
              "require_route_gate_eligibility": true
            },
            "opportunistic_exit": {
              "min_confidence": "0.65",
              "min_expected_alpha_bps": "50",
              "min_p_exit_better": "0.5",
              "max_cumulative_exit_pct": "1",
              "min_incremental_exit_pct": "0.1"
            },
            "settlement_mode": "hold_to_resolution",
            "redeem_policy": "manual",
            "manual_review_at": null,
            "exit_reason": "tp/sl"
          }
        },
        "risk_envelope": {
          "max_loss_usd": "120",
          "max_slippage_bps": "50",
          "max_position_usd": "500",
          "max_market_exposure_usd": "500",
          "max_event_exposure_usd": "750",
          "max_category_exposure_usd": "1500",
          "max_route_exposure_usd": "1500",
          "cvar_contribution_usd": "40",
          "portfolio_cvar_cap_usd": "500",
          "maximum_scenario_loss_cap_usd": "750",
          "requires_approval": true,
          "auto_execution_allowed": false,
          "risk_notes": [
            "thin book"
          ],
          "envelope_hash": "blake3:0000000000000000000000000000000000000000000000000000000000000000"
        }
      },
      "factor_breakdown": [
        {
          "factor_name": "liquidity_depth",
          "family": "liquidity",
          "value_state": "scored",
          "raw_value": "1234.5",
          "normalized_score": "0.8",
          "normalization_source": "cross_section",
          "indeterminate_reason": null,
          "weight": "0.4",
          "contribution": "0.32",
          "confidence": "0.75",
          "direction": "positive",
          "explanation": "deep book",
          "source_refs": [
            "feature:liquidity_depth"
          ]
        }
      ],
      "execution_eligibility": {
        "eligible_modes": [
          "report_only"
        ],
        "ineligibility_reasons": [
          "report_only_mode"
        ],
        "approval_required": true,
        "auto_policy_id": null
      },
      "valid_from": "2023-11-14T22:13:20Z",
      "valid_until": "2023-11-15T22:13:20Z",
      "status": "published",
      "created_at": "2023-11-14T22:13:20Z",
      "report_status": "published",
      "active_order_intent_id": null
    }
  ]
}
